2024-10-17 09:59:18 Here
